// Jest Snapshot v1, https://goo.gl/fbAQLP

exports[`Pruebas <Spinner> debe de mostrarse correctamente 1`] = `
<div
  className="flex justify-center items-center h-screen fixed top-0 left-0 right-0 bg-white/50 backdrop-blur-sm"
>
  <div
    className="relative w-24 h-24 animate-spin rounded-full bg-gradient-to-r from-purple-400 via-blue-500 to-red-400 "
  >
    <div
      className="absolute top-1/2 left-1/2 transform -translate-x-1/2 -translate-y-1/2 w-20 h-20 bg-gray-200 rounded-full border-2 border-white"
    />
  </div>
</div>
`;
