// Jest Snapshot v1, https://goo.gl/fbAQLP

exports[`Pruebas <TableHead> debe de mostrarse correctamente 1`] = `
<thead>
  <tr>
    <Th
      key="uno"
      name="uno"
    />
    <Th
      key="dos"
      name="dos"
    />
  </tr>
</thead>
`;
